exports[`test finds a word by key 1`] = `
Object {
  "encoding": "slp1",
  "links": Object {
    "westergaard": Array [],
    "whitney": Array [],
  },
  "results": Array [
    Object {
      "data": "<H2><h><hc3>110</hc3><key1>aMsa</key1><hc1>2</hc1><key2>a/Msa</key2></h><body> <lex>m.</lex> the shoulder , shoulder-blade </body><tail><pc>1,2</pc> <L>88</L></tail></H2>",
      "greek": null,
      "key": "aMsa",
      "lnum": 88,
    },
    Object {
      "data": "<H2A><h><hc3>100</hc3><key1>aMsa</key1><hc1>2</hc1><key2>a/Msa</key2></h><body> <lex type=\"inh\">m.</lex> corner of a quadrangle </body><tail><pc>1,2</pc> <L>89</L></tail></H2A>",
      "greek": null,
      "key": "aMsa",
      "lnum": 89,
    },
    Object {
      "data": "<H2A><h><hc3>100</hc3><key1>aMsa</key1><hc1>2</hc1><key2>a/Msa</key2></h><body> <lex type=\"inh\">m.</lex> <ab>N.</ab> of a king </body><tail><pc>1,2</pc> <L>90</L></tail></H2A>",
      "greek": null,
      "key": "aMsa",
      "lnum": 90,
    },
    Object {
      "data": "<H2B><h><hc3>110</hc3><key1>aMsa</key1><hc1>2</hc1><key2>a/Msa</key2></h><body> <lex>m. <ab>du.</ab></lex> the two shoulders or angles of an altar </body><tail><pc>1,2</pc> <L>91</L></tail></H2B>",
      "greek": null,
      "key": "aMsa",
      "lnum": 91,
    },
    Object {
      "data": "<H2B><h><hc3>110</hc3><key1>aMsa</key1><hc1>2</hc1><key2>a/Msa</key2></h><body> <lex type=\"inh\">m.</lex> a share ( for <s>aMSa</s>) ; ( [ <ab>cf.</ab> <ab>Goth.</ab> <etym>amsa</etym> ; <ab>Gk.</ab> <gk>1</gk> , <gk>2</gk> ; <ab>Lat.</ab> <etym>humerus</etym> , <etym>ansa</etym>.] ) </body><tail><MW>000054</MW> <pc>1,2</pc> <L>92</L></tail></H2B>",
      "greek": "W)=MOS<e>W%29%3DMOS<e>ὦμος<gk>A)/SILLA<e>A%29%2FSILLA<e>ἄσιλλα",
      "key": "aMsa",
      "lnum": 92,
    },
  ],
}
`;

exports[`test finds abbreviation by key 1`] = `"<id>Bret.</id> <disp>Breton</disp>"`;

exports[`test finds authority by link key 1`] = `"<abbr><slp cap=\"true\">AcAranirR</slp></abbr><expandMW><ti><slp cap=\"true\">AcAranirRaya</slp></ti></expandMW>"`;

exports[`test returns Westergaard links 1`] = `
Object {
  "encoding": "slp1",
  "links": Object {
    "westergaard": Array [
      Object {
        "data": "20.25",
        "key": "ASad",
        "lnum": 27426,
      },
    ],
    "whitney": Array [],
  },
  "results": Array [
    Object {
      "data": "<H1><h><hc3>501</hc3><key1>ASad</key1><hc1>1</hc1><key2>A-<root>Sad</root></key2></h><body> <to/>to go <ls>Vop.</ls> on <ls>Dha1tup. xx , 25.</ls> </body><tail><mul/> <MW>019470</MW> <pc>157,2</pc> <L>27426</L></tail></H1>",
      "greek": null,
      "key": "ASad",
      "lnum": 27426,
    },
  ],
}
`;

exports[`test returns Whitney roots links 1`] = `
Object {
  "encoding": "slp1",
  "links": Object {
    "westergaard": Array [],
    "whitney": Array [
      Object {
        "data": "as1 5",
        "key": "as",
        "lnum": 20353,
      },
      Object {
        "data": "as2 5",
        "key": "as",
        "lnum": 20354,
      },
    ],
  },
  "results": Array [
    Object {
      "data": "<H1><h><hc3>500</hc3><key1>as</key1><hc1>1</hc1><key2>as</key2><hom>1</hom></h><body> <vlex type=\"root\"></vlex> <vlex>cl.2 P.</vlex> <s>a/sti</s> ( 2. <ab>sg.</ab> <s>a/si</s> , 1. <ab>sg.</ab> <s>a/smi</s> ; <ab>pl.</ab> <s>sma/si</s> or <s>sma/s</s> , <s>sTa/</s> , <s>sa/nti</s> ; ( rarely <vlex>A1.</vlex> <ab>e.g.</ab> 1.pl. <s>smahe</s> <ls>MBh. xiii , 13</ls>) ; <ab>Subj.</ab> <s>a/sat</s> ; Imper. <s>astu</s> , 2. <ab>sg.</ab> <s>eDi</s> ( fr. <s>as-Di</s> <ab>cf.</ab> <ls>Pa1n2. 6-4 , 119</ls>) ; <ab>Pot.</ab> <s>syA/t</s> ; <ab>impf.</ab> <s>A/sIt</s> , rarely <s>As</s> [ only in <ls>RV. x</ls> ; <ab>cf.</ab> <ls>Pa1n2. 7-3 , 97</ls>] <pc>Page117,2</pc> ; <ab>perf.</ab> 1. and 3.sg , <s>A/sa</s> , 2. <ab>sg.</ab> <s>A/siTa</s> , 3. <ab>pl.</ab> <s>Asu/H</s> ; <ab>p.</ab> <lex type=\"part\">m.</lex> <s>sa/t</s> <lex type=\"part\">f.</lex> <s>satI/</s>) <to/>to be , live , exist , be present <msc/> <to/>to take place , happen <msc/> <to/>to abide , dwell , stay <msc/> <to/>to belong to (<ab>gen.</ab> or <ab>dat.</ab>) <msc/> <to/>to fall to the share of. happen to any one (<ab>gen.</ab>) <msc/> <to/>to be equal to (<ab>dat.</ab>) <ls>S3Br. xiv</ls> <ls>Mn. xi , 85</ls> <msc/> <to/>to turn out , tend towards any result , prove ( with <ab>dat.</ab>) <msc/> <to/>to become <ls>Br2A1rUp.</ls> <etc/> , (<ab>cf.</ab> <ls>Pa1n2. 5-4 , 51-55</ls>) <msc/> <to/>to be (<ab>i.e.</ab> used as copula , but not only with <ab>adj.</ab> , but also with <ab>adv.</ab> [<ab>e.g.</ab> <s>tUzRIm AsIt</s> <ls>MBh. iii , 4041</ls>] , and often with <ab>part.</ab> , [<ab>e.g.</ab> <ab>perf.</ab> <ab>Pass.</ab> <ab>p.</ab> <s>prasTitAH sma</s> <ls>N.</ls> ; <ab>fut.</ab> <ab>p.p.</ab> <s>hantavyo \'smi</s> <ls>N.</ls> ; <ab>fut.</ab> <ab>p.</ab> especially with <ab>Pot.</ab> , and only in <ls>S3Br. , as</ls> <s>ya/di dAsya/n-t-syA/t</s> , <quote> if he should intend to give </quote>] ; the <ab>pf.</ab> <s>Asa</s> helps to form the periphrastic <ab>perf.</ab> , and <s>asmi</s> <etc1/> the <ab>fut.</ab>) ; ( [ <ab>cf.</ab> <ab>Gk.</ab> <gk>1</gk> <ab>Lat.</ab> <etym>es-t</etym> ; <ab>Goth.</ab> <etym>is-t</etym> ; <ab>Lith.</ab> <etym>es-ti</etym>.] ) </body><tail><pc>117,1</pc><mul/> <MW>014821</MW> <L>20353</L><mscverb/></tail></H1>",
      "greek": "E)S-TI/<e>E%29S-TI%2F<e>ἐσ-τί",
      "key": "as",
      "lnum": 20353,
    },
    Object {
      "data": "<H1><h><hc3>500</hc3><key1>as</key1><hc1>1</hc1><key2>as</key2><hom>2</hom></h><body> <vlex type=\"root\"></vlex> <vlex>cl.4 P.</vlex> <s>a/syati</s> (<ab>p.</ab> <s>a/syat</s> ; <ab>impf.</ab> <s>A/syat</s> , A.V. [<cf/> <s>parA<srs/>s</s> and <s>vy-as</s>] ; <ab>fut.</ab> <ab>p.</ab> <s>asizya/t</s> ; <ab>aor.</ab> <s>AsTat</s> [<ls>Nir. ii , 2</ls> <ls>Pa1n2. 7-4 , 17</ls> ; <cf/> <s>vy-as</s>] ; <ab>perf.</ab> <vlex>P.</vlex> <s>Asa</s> [<cf/> <s>parA<srs/>s</s>] <vlex>A1.</vlex> <s>Ase</s> [<cf/> <s>vy-as</s>] ; <ab>Ved.</ab> <ab>Inf.</ab> <s>a/stave</s> <ls>VS.</ls>) <to/>to throw , cast , shoot at (<ab>loc.</ab> <ab>dat.</ab> , or gen ) <ls>RV.</ls> <etc/> <msc/> <to/>to drive or frighten away <ls>Nalo7d. iv , 36</ls> <msc/> <see/> also 1. <s>asta/</s> <ab>s.v.</ab> </body><tail><mul/> <MW>014822</MW> <pc>117,2</pc> <L>20354</L><mscverb/></tail></H1>",
      "greek": null,
      "key": "as",
      "lnum": 20354,
    },
    Object {
      "data": "<H1><h><hc3>000</hc3><key1>as</key1><hc1>1</hc1><key2>as</key2><hom>3</hom></h><body> <s>asati</s>,<s><sr1/>te</s> = <root/><s>az</s> <qv/> </body><tail><mul/> <MW>014824</MW> <pc>117,2</pc> <L>20358</L></tail></H1>",
      "greek": null,
      "key": "as",
      "lnum": 20358,
    },
  ],
}
`;
